
> template@1.0.0 build
> next build

   Γû▓ Next.js 15.5.2
   - Environments: .env.local

   Creating an optimized production build ...
 Γ£ô Compiled successfully in 3.8s
   Linting and checking validity of types ...
node.exe : 
At C:\Program Files\nodejs\npm.ps1:29 char:3
+   & $NODE_EXE $NPM_CLI_JS $args
+   ~~~~~~~~~~~~~~~~~~~~~~~~~~~~~
    + CategoryInfo          : NotSpecified: ( 
   :String) [], RemoteException
    + FullyQualifiedErrorId : NativeCommandEr 
   ror
 
Failed to compile.

./app/admin/company/page.tsx
11:69  Warning: 'CardFooter' is defined but 
never used.  @typescript-eslint/no-unused-vars
42:22  Warning: 'error' is defined but never 
used.  @typescript-eslint/no-unused-vars
66:18  Warning: 'error' is defined but never 
used.  @typescript-eslint/no-unused-vars

./app/admin/expenses/page.tsx
76:18  Warning: 'error' is defined but never 
used.  @typescript-eslint/no-unused-vars

./app/admin/flows/page.tsx
19:40  Error: Unexpected any. Specify a 
different type.  
@typescript-eslint/no-explicit-any
77:18  Warning: 'error' is defined but never 
used.  @typescript-eslint/no-unused-vars
253:64  Error: Unexpected any. Specify a 
different type.  
@typescript-eslint/no-explicit-any

./app/admin/page.tsx
28:52  Error: Unexpected any. Specify a 
different type.  
@typescript-eslint/no-explicit-any
29:53  Error: Unexpected any. Specify a 
different type.  
@typescript-eslint/no-explicit-any
30:52  Error: Unexpected any. Specify a 
different type.  
@typescript-eslint/no-explicit-any
35:22  Warning: 'error' is defined but never 
used.  @typescript-eslint/no-unused-vars

./app/admin/rules/page.tsx
17:40  Error: Unexpected any. Specify a 
different type.  
@typescript-eslint/no-explicit-any
18:40  Error: Unexpected any. Specify a 
different type.  
@typescript-eslint/no-explicit-any
86:18  Warning: 'error' is defined but never 
used.  @typescript-eslint/no-unused-vars
91:31  Error: Unexpected any. Specify a 
different type.  
@typescript-eslint/no-explicit-any

./app/admin/users/page.tsx
14:29  Warning: 'CardHeader' is defined but 
never used.  @typescript-eslint/no-unused-vars
14:41  Warning: 'CardTitle' is defined but 
never used.  @typescript-eslint/no-unused-vars
14:52  Warning: 'CardDescription' is defined 
but never used.  
@typescript-eslint/no-unused-vars
42:14  Warning: 'error' is defined but never 
used.  @typescript-eslint/no-unused-vars
56:43  Error: Unexpected any. Specify a 
different type.  
@typescript-eslint/no-explicit-any
76:14  Warning: 'error' is defined but never 
used.  @typescript-eslint/no-unused-vars
99:14  Warning: 'error' is defined but never 
used.  @typescript-eslint/no-unused-vars
119:14  Warning: 'error' is defined but never 
used.  @typescript-eslint/no-unused-vars

./app/api/admin/company/route.ts
8:27  Warning: 'req' is defined but never 
used.  @typescript-eslint/no-unused-vars

./app/api/admin/expenses/route.ts
8:27  Warning: 'req' is defined but never 
used.  @typescript-eslint/no-unused-vars
38:14  Warning: 'error' is defined but never 
used.  @typescript-eslint/no-unused-vars

./app/api/admin/flows/route.ts
8:27  Warning: 'req' is defined but never 
used.  @typescript-eslint/no-unused-vars
21:14  Warning: 'error' is defined but never 
used.  @typescript-eslint/no-unused-vars

./app/api/admin/rules/route.ts
8:27  Warning: 'req' is defined but never 
used.  @typescript-eslint/no-unused-vars
22:14  Warning: 'error' is defined but never 
used.  @typescript-eslint/no-unused-vars

./app/api/admin/users/route.ts
8:27  Warning: 'req' is defined but never 
used.  @typescript-eslint/no-unused-vars

./app/api/auth/signup/route.ts
48:14  Error: Unexpected any. Specify a 
different type.  
@typescript-eslint/no-explicit-any
84:12  Error: Unexpected any. Specify a 
different type.  
@typescript-eslint/no-explicit-any

./app/api/expenses/route.ts
8:10  Warning: 'UserRole' is defined but 
never used.  @typescript-eslint/no-unused-vars
11:27  Warning: 'req' is defined but never 
used.  @typescript-eslint/no-unused-vars
24:14  Warning: 'error' is defined but never 
used.  @typescript-eslint/no-unused-vars

./app/api/manager/approvals/route.ts
5:10  Warning: 'getApprovalFlow' is defined 
but never used.  
@typescript-eslint/no-unused-vars
5:70  Warning: 'getApproverChain' is defined 
but never used.  
@typescript-eslint/no-unused-vars
10:27  Warning: 'req' is defined but never 
used.  @typescript-eslint/no-unused-vars

./app/api/manager/team-expenses/route.ts
7:27  Warning: 'req' is defined but never 
used.  @typescript-eslint/no-unused-vars
23:14  Warning: 'error' is defined but never 
used.  @typescript-eslint/no-unused-vars

./app/dashboard/expenses/new/page.tsx
3:20  Warning: 'useEffect' is defined but 
never used.  @typescript-eslint/no-unused-vars
55:18  Warning: 'error' is defined but never 
used.  @typescript-eslint/no-unused-vars

./app/dashboard/expenses/[id]/page.tsx
42:11  Warning: 'router' is assigned a value 
but never used.  
@typescript-eslint/no-unused-vars
165:56  Warning: 'idx' is defined but never 
used.  @typescript-eslint/no-unused-vars
181:84  Error: `"` can be escaped with 
`&quot;`, `&ldquo;`, `&#34;`, `&rdquo;`.  
react/no-unescaped-entities
181:101  Error: `"` can be escaped with 
`&quot;`, `&ldquo;`, `&#34;`, `&rdquo;`.  
react/no-unescaped-entities

./app/dashboard/page.tsx
3:22  Warning: 'TrendingUp' is defined but 
never used.  @typescript-eslint/no-unused-vars
41:25  Error: `'` can be escaped with 
`&apos;`, `&lsquo;`, `&#39;`, `&rsquo;`.  
react/no-unescaped-entities

./app/manager/approvals/page.tsx
31:18  Warning: 'error' is defined but never 
used.  @typescript-eslint/no-unused-vars
69:18  Warning: 'error' is defined but never 
used.  @typescript-eslint/no-unused-vars

./app/user/page.tsx
17:25  Warning: 'UserRole' is defined but 
never used.  @typescript-eslint/no-unused-vars

./components/admin/UserFormModal.tsx
3:21  Warning: 'useMemo' is defined but never 
used.  @typescript-eslint/no-unused-vars
28:22  Error: Unexpected any. Specify a 
different type.  
@typescript-eslint/no-explicit-any

./components/custom/ocr.tsx
348:3  Warning: 'errorText' is defined but 
never used.  @typescript-eslint/no-unused-vars
349:3  Warning: 'successText' is defined but 
never used.  @typescript-eslint/no-unused-vars
367:6  Warning: React Hook useEffect has a 
missing dependency: 'resetState'. Either 
include it or remove the dependency array.  
react-hooks/exhaustive-deps
447:5  Warning: React Hook useCallback has a 
missing dependency: 'processFile'. Either 
include it or remove the dependency array.  
react-hooks/exhaustive-deps

./components/layout/navbar.tsx
24:25  Warning: 'UserRole' is defined but 
never used.  @typescript-eslint/no-unused-vars

./components/user/user-info-card.tsx
26:10  Warning: 'UserRole' is defined but 
never used.  @typescript-eslint/no-unused-vars

./lib/approvalEngine.ts
2:8  Warning: 'Expense' is defined but never 
used.  @typescript-eslint/no-unused-vars
4:24  Warning: 'IApprovalRule' is defined but 
never used.  @typescript-eslint/no-unused-vars

./lib/validation.ts
2:37  Warning: 'ExpenseStatus' is defined but 
never used.  @typescript-eslint/no-unused-vars

info  - Need to disable some ESLint rules? 
Learn more here: https://nextjs.org/docs/app/a
pi-reference/config/eslint#disabling-rules
